###############################################################################
#                                                                             #
# IAR ELF Linker V6.30.1.53127/W32 for ARM              09/Apr/2014  18:37:23 #
# Copyright 2007-2011 IAR Systems AB.                                         #
#                                                                             #
#    Output file  =  C:\Users\joshua\Desktop\ﾗﾔﾖﾆｿﾜ\ﾗﾔﾖﾆｿﾜ -              #
#                    ﾊﾊﾅ萪ｰｻPrj\IAR\DZ10_Debug\Exe\fire_Kinetis.out         #
#    Map file     =  C:\Users\joshua\Desktop\ﾗﾔﾖﾆｿﾜ\ﾗﾔﾖﾆｿﾜ -              #
#                    ﾊﾊﾅ萪ｰｻPrj\IAR\DZ10_Debug\List\fire_Kinetis.map        #
#    Command line =  "C:\Users\joshua\Desktop\ﾗﾔﾖﾆｿﾜ\ﾗﾔﾖﾆｿﾜ -             #
#                    ﾊﾊﾅ萪ｰｻLib\CMSIS\iar_cortexM4l_math.a"                 #
#                    "C:\Users\joshua\Desktop\ﾗﾔﾖﾆｿﾜ\ﾗﾔﾖﾆｿﾜ -             #
#                    ﾊﾊﾅ萪ｰｻPrj\IAR\DZ10_Debug\Obj\FIRE_ASCII.o"            #
#                    "C:\Users\joshua\Desktop\ﾗﾔﾖﾆｿﾜ\ﾗﾔﾖﾆｿﾜ -             #
#                    ﾊﾊﾅ萪ｰｻPrj\IAR\DZ10_Debug\Obj\FIRE_BMP.o"              #
#                    "C:\Users\joshua\Desktop\ﾗﾔﾖﾆｿﾜ\ﾗﾔﾖﾆｿﾜ -             #
#                    ﾊﾊﾅ萪ｰｻPrj\IAR\DZ10_Debug\Obj\FIRE_LCD.o"              #
#                    "C:\Users\joshua\Desktop\ﾗﾔﾖﾆｿﾜ\ﾗﾔﾖﾆｿﾜ -             #
#                    ﾊﾊﾅ萪ｰｻPrj\IAR\DZ10_Debug\Obj\FIRE_LCD_CH.o"           #
#                    "C:\Users\joshua\Desktop\ﾗﾔﾖﾆｿﾜ\ﾗﾔﾖﾆｿﾜ -             #
#                    ﾊﾊﾅ萪ｰｻPrj\IAR\DZ10_Debug\Obj\FIRE_LCD_ILI9341.o"      #
#                    "C:\Users\joshua\Desktop\ﾗﾔﾖﾆｿﾜ\ﾗﾔﾖﾆｿﾜ -             #
#                    ﾊﾊﾅ萪ｰｻPrj\IAR\DZ10_Debug\Obj\FIRE_LCD_ST7735R.o"      #
#                    "C:\Users\joshua\Desktop\ﾗﾔﾖﾆｿﾜ\ﾗﾔﾖﾆｿﾜ -             #
#                    ﾊﾊﾅ萪ｰｻPrj\IAR\DZ10_Debug\Obj\FIRE_LCD_ST7735S.o"      #
#                    "C:\Users\joshua\Desktop\ﾗﾔﾖﾆｿﾜ\ﾗﾔﾖﾆｿﾜ -             #
#                    ﾊﾊﾅ萪ｰｻPrj\IAR\DZ10_Debug\Obj\FIRE_LED.o"              #
#                    "C:\Users\joshua\Desktop\ﾗﾔﾖﾆｿﾜ\ﾗﾔﾖﾆｿﾜ -             #
#                    ﾊﾊﾅ萪ｰｻPrj\IAR\DZ10_Debug\Obj\FIRE_MK60_conf.o"        #
#                    "C:\Users\joshua\Desktop\ﾗﾔﾖﾆｿﾜ\ﾗﾔﾖﾆｿﾜ -             #
#                    ﾊﾊﾅ萪ｰｻPrj\IAR\DZ10_Debug\Obj\FIRE_MMA7455.o"          #
#                    "C:\Users\joshua\Desktop\ﾗﾔﾖﾆｿﾜ\ﾗﾔﾖﾆｿﾜ -             #
#                    ﾊﾊﾅ萪ｰｻPrj\IAR\DZ10_Debug\Obj\FIRE_NRF24L0.o"          #
#                    "C:\Users\joshua\Desktop\ﾗﾔﾖﾆｿﾜ\ﾗﾔﾖﾆｿﾜ -             #
#                    ﾊﾊﾅ萪ｰｻPrj\IAR\DZ10_Debug\Obj\FIRE_NRF24L0_MSG.o"      #
#                    "C:\Users\joshua\Desktop\ﾗﾔﾖﾆｿﾜ\ﾗﾔﾖﾆｿﾜ -             #
#                    ﾊﾊﾅ萪ｰｻPrj\IAR\DZ10_Debug\Obj\FIRE_OV7725_Eagle.o"     #
#                    "C:\Users\joshua\Desktop\ﾗﾔﾖﾆｿﾜ\ﾗﾔﾖﾆｿﾜ -             #
#                    ﾊﾊﾅ萪ｰｻPrj\IAR\DZ10_Debug\Obj\FIRE_OV7725_Wolf.o"      #
#                    "C:\Users\joshua\Desktop\ﾗﾔﾖﾆｿﾜ\ﾗﾔﾖﾆｿﾜ -             #
#                    ﾊﾊﾅ萪ｰｻPrj\IAR\DZ10_Debug\Obj\FIRE_RTC_count.o"        #
#                    "C:\Users\joshua\Desktop\ﾗﾔﾖﾆｿﾜ\ﾗﾔﾖﾆｿﾜ -             #
#                    ﾊﾊﾅ萪ｰｻPrj\IAR\DZ10_Debug\Obj\FIRE_SCCB.o"             #
#                    "C:\Users\joshua\Desktop\ﾗﾔﾖﾆｿﾜ\ﾗﾔﾖﾆｿﾜ -             #
#                    ﾊﾊﾅ萪ｰｻPrj\IAR\DZ10_Debug\Obj\FIRE_TSL1401.o"          #
#                    "C:\Users\joshua\Desktop\ﾗﾔﾖﾆｿﾜ\ﾗﾔﾖﾆｿﾜ -             #
#                    ﾊﾊﾅ萪ｰｻPrj\IAR\DZ10_Debug\Obj\FIRE_UI_VAR.o"           #
#                    "C:\Users\joshua\Desktop\ﾗﾔﾖﾆｿﾜ\ﾗﾔﾖﾆｿﾜ -             #
#                    ﾊﾊﾅ萪ｰｻPrj\IAR\DZ10_Debug\Obj\FIRE_key.o"              #
#                    "C:\Users\joshua\Desktop\ﾗﾔﾖﾆｿﾜ\ﾗﾔﾖﾆｿﾜ -             #
#                    ﾊﾊﾅ萪ｰｻPrj\IAR\DZ10_Debug\Obj\FIRE_key_event.o"        #
#                    "C:\Users\joshua\Desktop\ﾗﾔﾖﾆｿﾜ\ﾗﾔﾖﾆｿﾜ -             #
#                    ﾊﾊﾅ萪ｰｻPrj\IAR\DZ10_Debug\Obj\MK60_DWT.o"              #
#                    "C:\Users\joshua\Desktop\ﾗﾔﾖﾆｿﾜ\ﾗﾔﾖﾆｿﾜ -             #
#                    ﾊﾊﾅ萪ｰｻPrj\IAR\DZ10_Debug\Obj\MK60_PIT.o"              #
#                    "C:\Users\joshua\Desktop\ﾗﾔﾖﾆｿﾜ\ﾗﾔﾖﾆｿﾜ -             #
#                    ﾊﾊﾅ萪ｰｻPrj\IAR\DZ10_Debug\Obj\MK60_SysTick.o"          #
#                    "C:\Users\joshua\Desktop\ﾗﾔﾖﾆｿﾜ\ﾗﾔﾖﾆｿﾜ -             #
#                    ﾊﾊﾅ萪ｰｻPrj\IAR\DZ10_Debug\Obj\MK60_adc.o"              #
#                    "C:\Users\joshua\Desktop\ﾗﾔﾖﾆｿﾜ\ﾗﾔﾖﾆｿﾜ -             #
#                    ﾊﾊﾅ萪ｰｻPrj\IAR\DZ10_Debug\Obj\MK60_can.o"              #
#                    "C:\Users\joshua\Desktop\ﾗﾔﾖﾆｿﾜ\ﾗﾔﾖﾆｿﾜ -             #
#                    ﾊﾊﾅ萪ｰｻPrj\IAR\DZ10_Debug\Obj\MK60_dac.o"              #
#                    "C:\Users\joshua\Desktop\ﾗﾔﾖﾆｿﾜ\ﾗﾔﾖﾆｿﾜ -             #
#                    ﾊﾊﾅ萪ｰｻPrj\IAR\DZ10_Debug\Obj\MK60_dma.o"              #
#                    "C:\Users\joshua\Desktop\ﾗﾔﾖﾆｿﾜ\ﾗﾔﾖﾆｿﾜ -             #
#                    ﾊﾊﾅ萪ｰｻPrj\IAR\DZ10_Debug\Obj\MK60_flash.o"            #
#                    "C:\Users\joshua\Desktop\ﾗﾔﾖﾆｿﾜ\ﾗﾔﾖﾆｿﾜ -             #
#                    ﾊﾊﾅ萪ｰｻPrj\IAR\DZ10_Debug\Obj\MK60_flexbus.o"          #
#                    "C:\Users\joshua\Desktop\ﾗﾔﾖﾆｿﾜ\ﾗﾔﾖﾆｿﾜ -             #
#                    ﾊﾊﾅ萪ｰｻPrj\IAR\DZ10_Debug\Obj\MK60_ftm.o"              #
#                    "C:\Users\joshua\Desktop\ﾗﾔﾖﾆｿﾜ\ﾗﾔﾖﾆｿﾜ -             #
#                    ﾊﾊﾅ萪ｰｻPrj\IAR\DZ10_Debug\Obj\MK60_gpio.o"             #
#                    "C:\Users\joshua\Desktop\ﾗﾔﾖﾆｿﾜ\ﾗﾔﾖﾆｿﾜ -             #
#                    ﾊﾊﾅ萪ｰｻPrj\IAR\DZ10_Debug\Obj\MK60_i2c.o"              #
#                    "C:\Users\joshua\Desktop\ﾗﾔﾖﾆｿﾜ\ﾗﾔﾖﾆｿﾜ -             #
#                    ﾊﾊﾅ萪ｰｻPrj\IAR\DZ10_Debug\Obj\MK60_it.o"               #
#                    "C:\Users\joshua\Desktop\ﾗﾔﾖﾆｿﾜ\ﾗﾔﾖﾆｿﾜ -             #
#                    ﾊﾊﾅ萪ｰｻPrj\IAR\DZ10_Debug\Obj\MK60_lptmr.o"            #
#                    "C:\Users\joshua\Desktop\ﾗﾔﾖﾆｿﾜ\ﾗﾔﾖﾆｿﾜ -             #
#                    ﾊﾊﾅ萪ｰｻPrj\IAR\DZ10_Debug\Obj\MK60_mcg.o"              #
#                    "C:\Users\joshua\Desktop\ﾗﾔﾖﾆｿﾜ\ﾗﾔﾖﾆｿﾜ -             #
#                    ﾊﾊﾅ萪ｰｻPrj\IAR\DZ10_Debug\Obj\MK60_port.o"             #
#                    "C:\Users\joshua\Desktop\ﾗﾔﾖﾆｿﾜ\ﾗﾔﾖﾆｿﾜ -             #
#                    ﾊﾊﾅ萪ｰｻPrj\IAR\DZ10_Debug\Obj\MK60_rtc.o"              #
#                    "C:\Users\joshua\Desktop\ﾗﾔﾖﾆｿﾜ\ﾗﾔﾖﾆｿﾜ -             #
#                    ﾊﾊﾅ萪ｰｻPrj\IAR\DZ10_Debug\Obj\MK60_sdhc.o"             #
#                    "C:\Users\joshua\Desktop\ﾗﾔﾖﾆｿﾜ\ﾗﾔﾖﾆｿﾜ -             #
#                    ﾊﾊﾅ萪ｰｻPrj\IAR\DZ10_Debug\Obj\MK60_spi.o"              #
#                    "C:\Users\joshua\Desktop\ﾗﾔﾖﾆｿﾜ\ﾗﾔﾖﾆｿﾜ -             #
#                    ﾊﾊﾅ萪ｰｻPrj\IAR\DZ10_Debug\Obj\MK60_uart.o"             #
#                    "C:\Users\joshua\Desktop\ﾗﾔﾖﾆｿﾜ\ﾗﾔﾖﾆｿﾜ -             #
#                    ﾊﾊﾅ萪ｰｻPrj\IAR\DZ10_Debug\Obj\MK60_usb.o"              #
#                    "C:\Users\joshua\Desktop\ﾗﾔﾖﾆｿﾜ\ﾗﾔﾖﾆｿﾜ -             #
#                    ﾊﾊﾅ萪ｰｻPrj\IAR\DZ10_Debug\Obj\MK60_wdog.o"             #
#                    "C:\Users\joshua\Desktop\ﾗﾔﾖﾆｿﾜ\ﾗﾔﾖﾆｿﾜ -             #
#                    ﾊﾊﾅ萪ｰｻPrj\IAR\DZ10_Debug\Obj\USB.o"                   #
#                    "C:\Users\joshua\Desktop\ﾗﾔﾖﾆｿﾜ\ﾗﾔﾖﾆｿﾜ -             #
#                    ﾊﾊﾅ萪ｰｻPrj\IAR\DZ10_Debug\Obj\USB_CDC.o"               #
#                    "C:\Users\joshua\Desktop\ﾗﾔﾖﾆｿﾜ\ﾗﾔﾖﾆｿﾜ -             #
#                    ﾊﾊﾅ萪ｰｻPrj\IAR\DZ10_Debug\Obj\control.o"               #
#                    "C:\Users\joshua\Desktop\ﾗﾔﾖﾆｿﾜ\ﾗﾔﾖﾆｿﾜ -             #
#                    ﾊﾊﾅ萪ｰｻPrj\IAR\DZ10_Debug\Obj\controlcal.o"            #
#                    "C:\Users\joshua\Desktop\ﾗﾔﾖﾆｿﾜ\ﾗﾔﾖﾆｿﾜ -             #
#                    ﾊﾊﾅ萪ｰｻPrj\IAR\DZ10_Debug\Obj\diskio.o"                #
#                    "C:\Users\joshua\Desktop\ﾗﾔﾖﾆｿﾜ\ﾗﾔﾖﾆｿﾜ -             #
#                    ﾊﾊﾅ萪ｰｻPrj\IAR\DZ10_Debug\Obj\ff.o"                    #
#                    "C:\Users\joshua\Desktop\ﾗﾔﾖﾆｿﾜ\ﾗﾔﾖﾆｿﾜ -             #
#                    ﾊﾊﾅ萪ｰｻPrj\IAR\DZ10_Debug\Obj\fire_img2sd.o"           #
#                    "C:\Users\joshua\Desktop\ﾗﾔﾖﾆｿﾜ\ﾗﾔﾖﾆｿﾜ -             #
#                    ﾊﾊﾅ萪ｰｻPrj\IAR\DZ10_Debug\Obj\fire_sd_app.o"           #
#                    "C:\Users\joshua\Desktop\ﾗﾔﾖﾆｿﾜ\ﾗﾔﾖﾆｿﾜ -             #
#                    ﾊﾊﾅ萪ｰｻPrj\IAR\DZ10_Debug\Obj\image.o"                 #
#                    "C:\Users\joshua\Desktop\ﾗﾔﾖﾆｿﾜ\ﾗﾔﾖﾆｿﾜ -             #
#                    ﾊﾊﾅ萪ｰｻPrj\IAR\DZ10_Debug\Obj\main.o"                  #
#                    "C:\Users\joshua\Desktop\ﾗﾔﾖﾆｿﾜ\ﾗﾔﾖﾆｿﾜ -             #
#                    ﾊﾊﾅ萪ｰｻPrj\IAR\DZ10_Debug\Obj\misc.o"                  #
#                    "C:\Users\joshua\Desktop\ﾗﾔﾖﾆｿﾜ\ﾗﾔﾖﾆｿﾜ -             #
#                    ﾊﾊﾅ萪ｰｻPrj\IAR\DZ10_Debug\Obj\startup_MK60DZ10.o"      #
#                    "C:\Users\joshua\Desktop\ﾗﾔﾖﾆｿﾜ\ﾗﾔﾖﾆｿﾜ -             #
#                    ﾊﾊﾅ萪ｰｻPrj\IAR\DZ10_Debug\Obj\system_MK60DZ10.o"       #
#                    "C:\Users\joshua\Desktop\ﾗﾔﾖﾆｿﾜ\ﾗﾔﾖﾆｿﾜ -             #
#                    ﾊﾊﾅ萪ｰｻPrj\IAR\DZ10_Debug\Obj\vectors.o" --redirect    #
#                    _Printf=_PrintfLargeNoMb -o                              #
#                    "C:\Users\joshua\Desktop\ﾗﾔﾖﾆｿﾜ\ﾗﾔﾖﾆｿﾜ -             #
#                    ﾊﾊﾅ萪ｰｻPrj\IAR\DZ10_Debug\Exe\fire_Kinetis.out" --map  #
#                    "C:\Users\joshua\Desktop\ﾗﾔﾖﾆｿﾜ\ﾗﾔﾖﾆｿﾜ -             #
#                    ﾊﾊﾅ萪ｰｻPrj\IAR\DZ10_Debug\List\fire_Kinetis.map"       #
#                    --config "C:\Users\joshua\Desktop\ﾗﾔﾖﾆｿﾜ\ﾗﾔﾖﾆｿﾜ -    #
#                    ﾊﾊﾅ萪ｰｻPrj\IAR\config files\fire_ROM_K60N512.icf"      #
#                    --entry __iar_program_start --redirect                   #
#                    __write=__write_buffered --vfe                           #
#                                                                             #
#                                                                             #
###############################################################################

*******************************************************************************
*** RUNTIME MODEL ATTRIBUTES
***

CppFlavor       = *
__SystemLibrary = DLib


*******************************************************************************
*** PLACEMENT SUMMARY
***

"A1":  place at 0x00000000 { ro section .intvec };
"A2":  place at 0x00000410 { ro section .noinit };
"P1":  place in [from 0x00000000 to 0x00040000] { ro, block CodeRelocate };
"P2":  place in [from 0x1fff0410 to 0x20010000] {
          rw, block CodeRelocateRam, block CSTACK, block HEAP };

  Section              Kind        Address    Size  Object
  -------              ----        -------    ----  ------
"A1":                                        0x410
  .intvec              const    0x00000000   0x410  vectors.o [1]
                              - 0x00000410   0x410

"A2":                                          0x8
  .noinit              ro code  0x00000410     0x8  startup_MK60DZ10.o [1]
                              - 0x00000418     0x8

"P1":                                       0x41c0
  .text                ro code  0x00000418   0xb5e  xprintflarge_nomb.o [3]
  .text                ro code  0x00000f76    0x22  zero_init3.o [5]
  .text                ro code  0x00000f98    0x16  strchr.o [5]
  .text                ro code  0x00000fb0    0x36  strlen.o [5]
  .text                ro code  0x00000fe8    0x58  memchr.o [5]
  .text                ro code  0x00001040    0xee  I64DivMod.o [5]
  .text                ro code  0x00001130    0x76  ABImemcpy.o [5]
  .text                ro code  0x000011a6    0x44  xdnorm.o [4]
  .text                ro code  0x000011ec    0x2e  DblCmpLe.o [4]
  .text                ro code  0x0000121c   0x1a2  DblMul.o [4]
  .text                ro code  0x000013c0   0x246  DblDiv.o [4]
  .text                ro code  0x00001608    0x2c  DblToI32.o [4]
  .text                ro code  0x00001634    0x1c  I32ToDbl.o [4]
  .text                ro code  0x00001650   0x180  DblSub.o [4]
  .text                ro code  0x000017d0    0x6c  localeconv.o [3]
  .text                ro code  0x0000183c     0xe  div.o [3]
  .text                ro code  0x0000184c     0x2  I64DivZer.o [5]
  .text                ro code  0x00001850    0xd4  DblAdd.o [4]
  .text                ro code  0x00001924     0x2  xtls.o [3]
  .data_init                    0x00001928   0x818  <Block>
    Initializer bytes  ro data  0x00001928   0x818  <for .data-1>
  .text                ro code  0x00002140   0x4e8  MK60_ftm.o [1]
  .text                ro code  0x00002628    0xb0  MK60_port.o [1]
  Veneer               ro code  0x000026d8     0x8  - Linker created -
  Veneer               ro code  0x000026e0     0x8  - Linker created -
  .text                ro code  0x000026e8   0x118  FIRE_MK60_conf.o [1]
  .text                ro code  0x00002800    0x24  printf.o [3]
  .text                ro code  0x00002824   0x244  MK60_uart.o [1]
  .text                ro code  0x00002a68    0x9c  FIRE_key.o [1]
  .text                ro code  0x00002b04    0x50  FIRE_LED.o [1]
  .text                ro code  0x00002b54    0x78  MK60_DWT.o [1]
  .text                ro code  0x00002bcc   0x19c  MK60_gpio.o [1]
  Veneer               ro code  0x00002d68     0x8  - Linker created -
  .text                ro code  0x00002d70   0x3e8  MK60_mcg.o [1]
  .text                ro code  0x00003158   0x2b8  MK60_adc.o [1]
  .text                ro code  0x00003410   0x246  FIRE_TSL1401.o [1]
  .text                ro code  0x00003658    0x7c  MK60_PIT.o [1]
  .text                ro code  0x000036d4   0x1bc  image.o [1]
  CodeRelocate                  0x00003890   0x1b8  <Block>
    Initializer bytes  ro data  0x00003890   0x1b8  <for CodeRelocateRam-1>
  .text                ro code  0x00003a48   0x168  main.o [1]
  .text                ro code  0x00003bb0    0x50  misc.o [1]
  .text                ro code  0x00003c00    0xd0  controlcal.o [1]
  .text                ro code  0x00003cd0    0xec  control.o [1]
  .text                ro code  0x00003dbc    0x32  I32ToFlt.o [4]
  .text                ro code  0x00003df0    0xd8  FltMul.o [4]
  .text                ro code  0x00003ec8    0x84  FltAdd.o [4]
  .text                ro code  0x00003f4c    0x44  FltToS32.o [4]
  .text                ro code  0x00003f90    0x24  FltCmpLe.o [4]
  .text                ro code  0x00003fb4    0xd6  FltSub.o [4]
  .text                ro code  0x0000408c   0x124  system_MK60DZ10.o [1]
  .text                ro code  0x000041b0    0x40  MK60_wdog.o [1]
  .rodata              const    0x000041f0    0x50  FIRE_TSL1401.o [1]
  .rodata              const    0x00004240    0x4c  MK60_PIT.o [1]
  .rodata              const    0x0000428c    0x4c  MK60_adc.o [1]
  .rodata              const    0x000042d8    0x4c  MK60_flash.o [1]
  .rodata              const    0x00004324    0x4c  MK60_ftm.o [1]
  .rodata              const    0x00004370    0x4c  MK60_gpio.o [1]
  .rodata              const    0x000043bc    0x4c  MK60_uart.o [1]
  .rodata              const    0x00004408    0x48  misc.o [1]
  .rodata              const    0x00004450    0x3c  FIRE_MK60_conf.o [1]
  .text                ro code  0x0000448c    0x2c  data_init3.o [5]
  .rodata              const    0x000044b8    0x24  FIRE_MK60_conf.o [1]
  .iar.init_table      const    0x000044dc    0x10  - Linker created -
  .rodata              const    0x000044ec    0x20  FIRE_MK60_conf.o [1]
  .text                ro code  0x0000450c    0x16  cmain.o [5]
  .text                ro code  0x00004522     0x4  low_level_init.o [3]
  .text                ro code  0x00004526     0x4  exit.o [3]
  .text                ro code  0x0000452c     0xa  cexit.o [5]
  .text                ro code  0x00004538     0xc  XXexit.o [5]
  .text                ro code  0x00004544    0x16  xprout.o [3]
  .text                ro code  0x0000455c     0xc  putchar.o [3]
  .rodata              const    0x00004568    0x14  FIRE_MK60_conf.o [1]
  .text                ro code  0x0000457c     0xc  cstartup_M.o [5]
  .rodata              const    0x00004588     0x0  bwt_init3c.o [5]
  Initializer bytes    ro data  0x00004588    0x50  <for P2 s0>
                              - 0x000045d8  0x41c0

"P2", part 1 of 3:                           0x9d0
  .data                         0x1fff0410   0x818  <Block>
    .data-1                     0x1fff0410   0x818  <Init block>
      .data            inited   0x1fff0410     0x4  FIRE_LED.o [1]
      .data            inited   0x1fff0414   0x708  FIRE_MK60_conf.o [1]
      .data            inited   0x1fff0b1c     0x4  FIRE_TSL1401.o [1]
      .data            inited   0x1fff0b20     0x4  FIRE_TSL1401.o [1]
      .data            inited   0x1fff0b24     0x4  FIRE_TSL1401.o [1]
      .data            inited   0x1fff0b28     0x8  FIRE_key.o [1]
      .data            inited   0x1fff0b30     0x8  MK60_adc.o [1]
      .data            inited   0x1fff0b38     0xc  MK60_ftm.o [1]
      .data            inited   0x1fff0b44    0x14  MK60_gpio.o [1]
      .data            inited   0x1fff0b58    0x44  MK60_mcg.o [1]
      .data            inited   0x1fff0b9c     0x4  MK60_mcg.o [1]
      .data            inited   0x1fff0ba0    0x14  MK60_port.o [1]
      .data            inited   0x1fff0bb4    0x18  MK60_uart.o [1]
      .data            inited   0x1fff0bcc     0x1  image.o [1]
      .data            inited   0x1fff0bd0     0x4  main.o [1]
      .data            inited   0x1fff0bd4     0x4  main.o [1]
      .data            inited   0x1fff0bd8     0x1  main.o [1]
      .data            inited   0x1fff0bd9     0x1  main.o [1]
      .data            inited   0x1fff0bdc     0x4  main.o [1]
      .data            inited   0x1fff0be0     0x4  main.o [1]
      .data            inited   0x1fff0be4     0x1  main.o [1]
      .data            inited   0x1fff0be8    0x40  xfiles.o [3]
  CodeRelocateRam               0x1fff0c28   0x1b8  <Block>
    CodeRelocateRam-1           0x1fff0c28   0x1b8  <Init block>
      Veneer           inited   0x1fff0c28     0x8  - Linker created -
      .textrw          inited   0x1fff0c30   0x160  MK60_flash.o [1]
      .textrw          inited   0x1fff0d90    0x50  MK60_mcg.o [1]
                              - 0x1fff0de0   0x9d0

"P2", part 2 of 3:                           0x598
  .bss                          0x1fff0de0   0x598  <Block>
    .bss               zero     0x1fff0de0     0x4  FIRE_TSL1401.o [1]
    .bss               zero     0x1fff0de4     0xc  FIRE_TSL1401.o [1]
    .bss               zero     0x1fff0df0    0x20  image.o [1]
    .bss               zero     0x1fff0e10    0x20  image.o [1]
    .bss               zero     0x1fff0e30    0x20  image.o [1]
    .bss               zero     0x1fff0e50     0x4  main.o [1]
    .bss               zero     0x1fff0e54     0x4  main.o [1]
    .bss               zero     0x1fff0e58     0x4  main.o [1]
    .bss               zero     0x1fff0e5c     0x4  main.o [1]
    .bss               zero     0x1fff0e60     0x4  main.o [1]
    .bss               zero     0x1fff0e64    0x10  main.o [1]
    .bss               zero     0x1fff0e74    0x24  main.o [1]
    .bss               zero     0x1fff0e98   0x480  main.o [1]
    .bss               zero     0x1fff1318     0x4  system_MK60DZ10.o [1]
    .bss               zero     0x1fff131c     0x4  system_MK60DZ10.o [1]
    .bss               zero     0x1fff1320     0x4  system_MK60DZ10.o [1]
    .bss               zero     0x1fff1324    0x50  xfiles.o [3]
    .bss               zero     0x1fff1374     0x1  FIRE_TSL1401.o [1]
    .bss               zero     0x1fff1375     0x1  image.o [1]
    .bss               zero     0x1fff1376     0x1  image.o [1]
    .bss               zero     0x1fff1377     0x1  image.o [1]
                              - 0x1fff1378   0x598

"P2", part 3 of 3:                            0x50
  P2 s0                         0x1fff1378    0x50  <Init block>
    __DLIB_PERTHREAD   inited   0x1fff1378    0x50  localeconv.o [3]
                              - 0x1fff13c8    0x50


*******************************************************************************
*** INIT TABLE
***

          Address     Size
          -------     ----
Zero (__iar_zero_init3)
    1 destination range, total size 0x598:
          0x1fff0de0  0x598



*******************************************************************************
*** MODULE SUMMARY
***

    Module               ro code  rw code  ro data  rw data
    ------               -------  -------  -------  -------
C:\Users\joshua\Desktop\ﾗﾔﾖﾆｿﾜ\ﾗﾔﾖﾆｿﾜ - ﾊﾊﾅ萪ｰｻPrj\IAR\DZ10_Debug\Obj: [1]
    FIRE_LED.o                80                 4        4
    FIRE_MK60_conf.o         280             1 948    1 800
    FIRE_TSL1401.o           582                92       29
    FIRE_key.o               156                 8        8
    MK60_DWT.o               120
    MK60_PIT.o               124                76
    MK60_adc.o               696                84        8
    MK60_flash.o                      352      428
    MK60_ftm.o             1 256                88       12
    MK60_gpio.o              412                96       20
    MK60_mcg.o             1 000       80      152       72
    MK60_port.o              176                20       20
    MK60_uart.o              580               100       24
    MK60_wdog.o               64
    control.o                236
    controlcal.o             208
    image.o                  444                 1      100
    main.o                   360                24    1 243
    misc.o                    80                72
    startup_MK60DZ10.o         8
    system_MK60DZ10.o        292                         12
    vectors.o                                1 040
    -------------------------------------------------------
    Total:                 7 154      432    4 233    3 352

command line: [2]
    -------------------------------------------------------
    Total:

dl7M_tlf.a: [3]
    div.o                     14
    exit.o                     4
    localeconv.o             108                80       80
    low_level_init.o           4
    printf.o                  36
    putchar.o                 12
    xfiles.o                                    67      144
    xprintflarge_nomb.o    2 910
    xprout.o                  22
    xtls.o                     2
    -------------------------------------------------------
    Total:                 3 112               147      224

m7M_tl.a: [4]
    DblAdd.o                 212
    DblCmpLe.o                46
    DblDiv.o                 582
    DblMul.o                 418
    DblSub.o                 384
    DblToI32.o                44
    FltAdd.o                 132
    FltCmpLe.o                36
    FltMul.o                 216
    FltSub.o                 214
    FltToS32.o                68
    I32ToDbl.o                28
    I32ToFlt.o                50
    xdnorm.o                  68
    -------------------------------------------------------
    Total:                 2 498

rt7M_tl.a: [5]
    ABImemcpy.o              118
    I64DivMod.o              238
    I64DivZer.o                2
    XXexit.o                  12
    bwt_init3c.o
    cexit.o                   10
    cmain.o                   22
    cstartup_M.o              12
    data_init3.o              44
    memchr.o                  88
    strchr.o                  22
    strlen.o                  54
    zero_init3.o              34
    -------------------------------------------------------
    Total:                   656

    Gaps                      30                         10
    Linker created            24        8       24
-----------------------------------------------------------
    Grand Total:          13 474      440    4 404    3 586


*******************************************************************************
*** ENTRY LIST
***

Entry                      Address   Size  Type      Object
-----                      -------   ----  ----      ------
.bss$$Base              0x1fff0de0          --   Gb  - Linker created -
.bss$$Limit             0x1fff1378          --   Gb  - Linker created -
.data$$Base             0x1fff0410          --   Gb  - Linker created -
.data$$Limit            0x1fff0c28          --   Gb  - Linker created -
.data_init$$Base        0x00001928          --   Gb  - Linker created -
.data_init$$Limit       0x00002140          --   Gb  - Linker created -
?main                   0x0000450d         Code  Gb  cmain.o [5]
A                       0x1fff0bdc    0x4  Data  Gb  main.o [1]
ADCN                    0x1fff0b30    0x8  Data  Gb  MK60_adc.o [1]
ASSERT_FAILED_STR       0x000044b8   0x24  Data  Gb  FIRE_MK60_conf.o [1]
Array_Big               0x1fff0e10   0x20  Data  Gb  image.o [1]
Array_Midd              0x1fff0e30   0x20  Data  Gb  image.o [1]
Array_Small             0x1fff0df0   0x20  Data  Gb  image.o [1]
BigPoint                0x1fff1376    0x1  Data  Gb  image.o [1]
CCD_BUFF                0x1fff0e98  0x480  Data  Gb  main.o [1]
CodeRelocate$$Base      0x00003890          --   Gb  - Linker created -
CodeRelocate$$Limit     0x00003a48          --   Gb  - Linker created -
CodeRelocateRam$$Base   0x1fff0c28          --   Gb  - Linker created -
CodeRelocateRam$$Limit  0x1fff0de0          --   Gb  - Linker created -
FTMN                    0x1fff0b38    0xc  Data  Gb  MK60_ftm.o [1]
FTM_PWM_Duty            0x000023d1   0xea  Code  Gb  MK60_ftm.o [1]
FTM_PWM_init            0x00002259  0x178  Code  Gb  MK60_ftm.o [1]
FTM_QUAD_Init           0x000024bb  0x106  Code  Gb  MK60_ftm.o [1]
FTM_QUAD_clean          0x000025ed   0x28  Code  Gb  MK60_ftm.o [1]
FTM_QUAD_get            0x000025c1   0x2c  Code  Gb  MK60_ftm.o [1]
FTM_port_mux            0x00002141  0x118  Code  Lc  MK60_ftm.o [1]
GPIOX                   0x1fff0b44   0x14  Data  Gb  MK60_gpio.o [1]
KEY_PTxn                0x1fff0b28    0x8  Data  Gb  FIRE_key.o [1]
LED_PTxn                0x1fff0410    0x4  Data  Gb  FIRE_LED.o [1]
List_Array              0x00003871   0x20  Code  Gb  image.o [1]
MiddPoint               0x1fff1377    0x1  Data  Gb  image.o [1]
MotorPID                0x1fff0e74   0x24  Data  Gb  main.o [1]
Motor_init              0x00003b7d   0x34  Code  Gb  main.o [1]
NVIC_EnableIRQ          0x00003a49   0x18  Code  Lc  main.o [1]
NVIC_SystemReset        0x000026e9   0x1a  Code  Lc  FIRE_MK60_conf.o [1]
PIT0_IRQHandler         0x00003b11   0x14  Code  Gb  main.o [1]
PIT1_IRQHandler         0x00003b25   0x20  Code  Gb  main.o [1]
PORTX                   0x1fff0ba0   0x14  Data  Gb  MK60_port.o [1]
Region$$Table$$Base     0x000044dc          --   Gb  - Linker created -
Region$$Table$$Limit    0x000044ec          --   Gb  - Linker created -
Reset_Handler           0x00000411         Code  Gb  startup_MK60DZ10.o [1]
ServoPID                0x1fff0e64   0x10  Data  Gb  main.o [1]
ServoPID_D              0x1fff0e60    0x4  Data  Gb  main.o [1]
ServoPID_P              0x1fff0be0    0x4  Data  Gb  main.o [1]
SmallPoint              0x1fff1375    0x1  Data  Gb  image.o [1]
UARTN                   0x1fff0bb4   0x18  Data  Gb  MK60_uart.o [1]
_GenldLargeNoMb         0x00000ced  0x242  Code  Lc  xprintflarge_nomb.o [3]
_LdtobLargeNoMb         0x00000a65  0x276  Code  Lc  xprintflarge_nomb.o [3]
_LitobLargeNoMb         0x0000093f  0x126  Code  Lc  xprintflarge_nomb.o [3]
_Locale_lconv           0x1fff1378   0x50  Data  Gb  localeconv.o [3]
_PrintfLargeNoMb        0x00000419  0x526  Code  Gb  xprintflarge_nomb.o [3]
_Prout                  0x00004545   0x16  Code  Gb  xprout.o [3]
_PutcharsLargeNoMb      0x00000f2f   0x2e  Code  Lc  xprintflarge_nomb.o [3]
__BOOT_STACK_ADDRESS {Abs}
                        0x2000fff8          --   Gb  command line/config [2]
__VECTOR_RAM {Abs}      0x1fff0000          --   Gb  command line/config [2]
__VECTOR_TABLE {Abs}    0x00000000          --   Gb  command line/config [2]
__aeabi_cdcmple         0x000011ed         Code  Gb  DblCmpLe.o [4]
__aeabi_cfcmple         0x00003f91         Code  Gb  FltCmpLe.o [4]
__aeabi_d2uiz           0x00001609         Code  Gb  DblToI32.o [4]
__aeabi_ddiv            0x000013c1         Code  Gb  DblDiv.o [4]
__aeabi_dmul            0x0000121d         Code  Gb  DblMul.o [4]
__aeabi_dsub            0x00001651         Code  Gb  DblSub.o [4]
__aeabi_f2iz            0x00003f4d         Code  Gb  FltToS32.o [4]
__aeabi_fadd            0x00003ec9         Code  Gb  FltAdd.o [4]
__aeabi_fmul            0x00003df1         Code  Gb  FltMul.o [4]
__aeabi_i2f             0x00003dbd         Code  Gb  I32ToFlt.o [4]
__aeabi_ldiv0           0x0000184d         Code  Gb  I64DivZer.o [5]
__aeabi_memcpy          0x00001131         Code  Gb  ABImemcpy.o [5]
__aeabi_memcpy4         0x00001151         Code  Gb  ABImemcpy.o [5]
__aeabi_memcpy8         0x00001151         Code  Gb  ABImemcpy.o [5]
__aeabi_ui2d            0x00001635         Code  Gb  I32ToDbl.o [4]
__aeabi_ui2f            0x00003dd1         Code  Gb  I32ToFlt.o [4]
__aeabi_uldivmod        0x00001041         Code  Gb  I64DivMod.o [5]
__cmain                 0x0000450d         Code  Gb  cmain.o [5]
__code_start__ {Abs}    0x00000410          --   Gb  command line/config [2]
__exit                  0x00004539         Code  Gb  XXexit.o [5]
__iar_Dnorm             0x000011a7   0x44  Code  Gb  xdnorm.o [4]
__iar_Locale_lconv_init
                        0x000017d1   0x3a  Code  Gb  localeconv.o [3]
__iar_Memchr            0x00000fe9         Code  Gb  memchr.o [5]
__iar_SB                0x00004588         Data  Gb  bwt_init3c.o [5]
__iar_Stdout            0x1fff0be8   0x40  Data  Gb  xfiles.o [3]
__iar_Strchr            0x00000f99         Code  Gb  strchr.o [5]
__iar_d2uiz             0x00001615         Code  Gb  DblToI32.o [4]
__iar_dadd              0x00001851         Code  Gb  DblAdd.o [4]
__iar_data_init3        0x0000448d   0x2c  Code  Gb  data_init3.o [5]
__iar_default_requirements$$_Printf<unknown>printf {Abs}
                        0x00000000          --   Gb  printf.o [3]
__iar_default_requirements$$_Printf<unknown>sprintf {Abs}
                        0x00000000          --   Gb  sprintf.o [3]
__iar_dlib_perthread_access
                        0x00001925    0x2  Code  Gb  xtls.o [3]
__iar_dsub              0x00001665         Code  Gb  DblSub.o [4]
__iar_dsubStart         0x00001677         Code  Gb  DblSub.o [4]
__iar_fadd              0x00003ed9         Code  Gb  FltAdd.o [4]
__iar_fsub              0x00003fb5         Code  Gb  FltSub.o [4]
__iar_fsubStart         0x00003fc5         Code  Gb  FltSub.o [4]
__iar_program_start     0x0000457d         Code  Gb  cstartup_M.o [5]
__iar_provide$$_Printf<flags,floats,int_specials,long_longs,n_formatters,qualifiers,widths>_PrintfLargeNoMb {Abs}
                        0x00000000          --   Gb  xprintflarge_nomb.o [3]
__iar_ui2d              0x00001639         Code  Gb  I32ToDbl.o [4]
__iar_ui2f              0x00003dd5         Code  Gb  I32ToFlt.o [4]
__iar_zero_init3        0x00000f77   0x22  Code  Gb  zero_init3.o [5]
__low_level_init        0x00004523    0x4  Code  Gb  low_level_init.o [3]
__vector_table          0x00000000  0x410  Data  Gb  vectors.o [1]
_call_main              0x00004519         Code  Gb  cmain.o [5]
_exit                   0x0000452d         Code  Gb  cexit.o [5]
_main                   0x0000451f         Code  Gb  cmain.o [5]
abs_diff                0x00003707  0x146  Code  Gb  image.o [1]
adc_init                0x00003159  0x20e  Code  Gb  MK60_adc.o [1]
adc_once                0x00003367   0x50  Code  Gb  MK60_adc.o [1]
adc_start               0x000033b7   0x44  Code  Lc  MK60_adc.o [1]
assert_failed           0x00002703   0x12  Code  Gb  FIRE_MK60_conf.o [1]
brake                   0x00003d53   0x3a  Code  Gb  control.o [1]
brakelimit              0x1fff0bd4    0x4  Data  Gb  main.o [1]
brakevalue              0x1fff0bd0    0x4  Data  Gb  main.o [1]
bus_clk_khz             0x1fff1320    0x4  Data  Gb  system_MK60DZ10.o [1]
common_startup          0x000040e1   0x98  Code  Gb  system_MK60DZ10.o [1]
core_clk_khz            0x1fff1318    0x4  Data  Gb  system_MK60DZ10.o [1]
core_clk_mhz            0x1fff131c    0x4  Data  Gb  system_MK60DZ10.o [1]
def_diff_fazhi          0x1fff0bcc    0x1  Data  Gb  image.o [1]
default_isr             0x000027c3   0x1c  Code  Gb  FIRE_MK60_conf.o [1]
div                     0x0000183d    0xe  Code  Gb  div.o [3]
dwt_delay_ms            0x00002bb5   0x18  Code  Gb  MK60_DWT.o [1]
dwt_delay_us            0x00002b55   0x4e  Code  Gb  MK60_DWT.o [1]
exit                    0x00004527    0x4  Code  Gb  exit.o [3]
expect_speed_duty       0x1fff0e5c    0x4  Data  Gb  main.o [1]
flash_cmd               0x1fff0c31   0x20  Code  Gb  MK60_flash.o [1]
flash_erase_sector      0x1fff0c79   0x58  Code  Gb  MK60_flash.o [1]
flash_init              0x1fff0c51   0x28  Code  Gb  MK60_flash.o [1]
flash_write             0x1fff0cd1   0x90  Code  Gb  MK60_flash.o [1]
fputc                   0x00002715   0x14  Code  Gb  FIRE_MK60_conf.o [1]
get_img_error           0x000036d5   0x32  Code  Gb  image.o [1]
gpio_get                0x00002d25   0x3a  Code  Gb  MK60_gpio.o [1]
gpio_init               0x00002bcd   0xae  Code  Gb  MK60_gpio.o [1]
gpio_set                0x00002c7b   0x72  Code  Gb  MK60_gpio.o [1]
gpio_turn               0x00002ced   0x38  Code  Gb  MK60_gpio.o [1]
highduty                0x1fff0bd8    0x1  Data  Gb  main.o [1]
image_error             0x1fff0e50    0x4  Data  Gb  main.o [1]
key_check               0x00002ad5   0x2a  Code  Gb  FIRE_key.o [1]
key_get                 0x00002abb   0x1a  Code  Gb  FIRE_key.o [1]
key_init                0x00002a69   0x52  Code  Gb  FIRE_key.o [1]
led_init                0x00002b05   0x3a  Code  Gb  FIRE_LED.o [1]
led_turn                0x00002b3f   0x10  Code  Gb  FIRE_LED.o [1]
localeconv              0x0000180b   0x16  Code  Gb  localeconv.o [3]
lowduty                 0x1fff0bd9    0x1  Data  Gb  main.o [1]
main                    0x00003a61   0xae  Code  Gb  main.o [1]
mcg_cfg                 0x1fff0b58   0x44  Data  Gb  MK60_mcg.o [1]
mcg_div                 0x1fff0b9c    0x4  Data  Gb  MK60_mcg.o [1]
mcg_div_count           0x00002d71  0x31a  Code  Gb  MK60_mcg.o [1]
memchr                  0x00000fe9         Code  Gb  memchr.o [5]
motor_control           0x00003d0f   0x44  Code  Gb  control.o [1]
motor_speed_cal         0x00003c6b   0x4c  Code  Gb  controlcal.o [1]
motorduty               0x00003d9d   0x20  Code  Gb  control.o [1]
obuf                    0x1fff1324   0x50  Data  Lc  xfiles.o [3]
pit_init                0x00003659   0x6c  Code  Gb  MK60_PIT.o [1]
pll_init                0x0000308b   0xb2  Code  Gb  MK60_mcg.o [1]
port_init               0x00002629   0x44  Code  Gb  MK60_port.o [1]
port_init_NoALT         0x0000266d   0x62  Code  Gb  MK60_port.o [1]
printf                  0x00002801   0x24  Code  Gb  printf.o [3]
putchar                 0x0000455d    0xc  Code  Gb  putchar.o [3]
rotatenum               0x1fff0e54    0x4  Data  Gb  main.o [1]
servo_angle             0x1fff0e58    0x4  Data  Gb  main.o [1]
servo_angle_cal         0x00003c01   0x6a  Code  Gb  controlcal.o [1]
servo_control           0x00003cd1   0x3e  Code  Gb  control.o [1]
set_sys_dividers        0x1fff0d91   0x50  Code  Gb  MK60_mcg.o [1]
set_vector_handler      0x00003bd3   0x22  Code  Gb  misc.o [1]
start                   0x0000408d   0x18  Code  Gb  system_MK60DZ10.o [1]
start_check             0x00002729   0x9a  Code  Gb  FIRE_MK60_conf.o [1]
strchr                  0x00000f99         Code  Gb  strchr.o [5]
strlen                  0x00000fb1         Code  Gb  strlen.o [5]
sysinit                 0x000040a5   0x3c  Code  Gb  system_MK60DZ10.o [1]
time                    0x1fff0be4    0x1  Data  Gb  main.o [1]
tsl1401_addr            0x1fff0de4    0xc  Data  Gb  FIRE_TSL1401.o [1]
tsl1401_ch              0x1fff0b1c    0x4  Data  Gb  FIRE_TSL1401.o [1]
tsl1401_clk             0x1fff0b24    0x4  Data  Gb  FIRE_TSL1401.o [1]
tsl1401_clk_out         0x00003441   0x30  Code  Gb  FIRE_TSL1401.o [1]
tsl1401_delay           0x00003549   0x12  Code  Lc  FIRE_TSL1401.o [1]
tsl1401_flag            0x1fff1374    0x1  Data  Lc  FIRE_TSL1401.o [1]
tsl1401_gather          0x0000355b   0x80  Code  Lc  FIRE_TSL1401.o [1]
tsl1401_get_img         0x00003519   0x12  Code  Gb  FIRE_TSL1401.o [1]
tsl1401_init            0x00003471   0x52  Code  Gb  FIRE_TSL1401.o [1]
tsl1401_restet          0x000035fd   0x5a  Code  Lc  FIRE_TSL1401.o [1]
tsl1401_set_addrs       0x000034c3   0x56  Code  Gb  FIRE_TSL1401.o [1]
tsl1401_si              0x1fff0b20    0x4  Data  Gb  FIRE_TSL1401.o [1]
tsl1401_si_out          0x00003411   0x30  Code  Gb  FIRE_TSL1401.o [1]
tsl1401_time            0x1fff0de0    0x4  Data  Lc  FIRE_TSL1401.o [1]
tsl1401_time_isr        0x0000352b   0x1e  Code  Gb  FIRE_TSL1401.o [1]
uart_init               0x00002825  0x212  Code  Gb  MK60_uart.o [1]
uart_putchar            0x00002a37   0x1a  Code  Gb  MK60_uart.o [1]
vector_str              0x1fff0414  0x708  Data  Gb  FIRE_MK60_conf.o [1]
wdog_disable            0x000041b1   0x16  Code  Gb  MK60_wdog.o [1]
wdog_unlock             0x000041c9   0x20  Code  Lc  MK60_wdog.o [1]
write_vtor              0x00003bb1   0x22  Code  Gb  misc.o [1]


[1] = C:\Users\joshua\Desktop\ﾗﾔﾖﾆｿﾜ\ﾗﾔﾖﾆｿﾜ - ﾊﾊﾅ萪ｰｻPrj\IAR\DZ10_Debug\Obj
[2] = command line
[3] = dl7M_tlf.a
[4] = m7M_tl.a
[5] = rt7M_tl.a

  13 474 bytes of readonly  code memory
     440 bytes of readwrite code memory
   4 404 bytes of readonly  data memory
   3 586 bytes of readwrite data memory

Errors: none
Warnings: none
